# Created with YamlCreate.ps1 v2.4.4 $debug=NVS1.CRLF.7-5-0.Win32NT
# yaml-language-server: $schema=https://aka.ms/winget-manifest.defaultLocale.1.9.0.schema.json

PackageIdentifier: BenthicSoftware.Golden.7
PackageVersion: 7.4.0.740
PackageLocale: en-US
Publisher: Benthic Software
PublisherUrl: https://www.benthicsoftware.com/
PublisherSupportUrl: https://www.benthicsoftware.com/support.html
PrivacyUrl: https://www.benthicsoftware.com/privacy.html
Author: Benthic Software, LLC
PackageName: 'Benthic Software: Golden 7.x'
PackageUrl: https://www.benthicsoftware.com/golden.html
License: Proprietary
LicenseUrl: https://www.benthicsoftware.com/license.html
Copyright: Copyright Â© 1996-2024 Benthic Software, LLC
CopyrightUrl: https://www.benthicsoftware.com/license.html
ShortDescription: An SQL query, scripting, editing, and exporting tool for Oracle databases.
Description: Golden is a query tool for Oracle databases. It includes advanced query abilities, data editing, and powerful import and export abilities including support for Excel and Calc spreadsheets. It features close compatibility with SQLPlus scripting conventions including bind variables, variable prompting and script parameter passing.
# Moniker:
Tags:
- database
- db
- oracle
- query
- sql
# ReleaseNotes:
ReleaseNotesUrl: https://www.benthicsoftware.com/golden.html
PurchaseUrl: https://www.benthicsoftware.com/golden.html
# InstallationNotes:
# Documentations:
ManifestType: defaultLocale
ManifestVersion: 1.9.0
