# Created with YamlCreate.ps1 v2.4.4 $debug=NVS1.CRLF.7-5-0.Win32NT
# yaml-language-server: $schema=https://aka.ms/winget-manifest.locale.1.9.0.schema.json

PackageIdentifier: BenthicSoftware.Golden.7
PackageVersion: 7.4.0.740
PackageLocale: zh-CN
# Publisher:
# PublisherUrl:
# PublisherSupportUrl:
# PrivacyUrl:
# Author:
# PackageName:
# PackageUrl:
License: 专有软件
# LicenseUrl:
# Copyright:
# CopyrightUrl:
ShortDescription: 用于 Oracle 数据库的 SQL 查询、脚本编写、编辑和导出工具。
Description: Golden 是一款用于 Oracle 数据库的查询工具，具有高级查询功能、数据编辑功能以及强大的导入和导出功能，支持 Excel 和 Calc 电子表格，并紧密兼容 SQLPlus 脚本约定，包括绑定变量、变量提示和脚本参数传递。
# Moniker:
Tags:
- oracle
- sql
- 数据库
- 查询
# ReleaseNotes:
# ReleaseNotesUrl:
# PurchaseUrl:
# InstallationNotes:
# Documentations:
ManifestType: locale
ManifestVersion: 1.9.0
