# Created with YamlCreate.ps1 v2.4.4 $debug=NVS1.CRLF.7-5-0.Win32NT
# yaml-language-server: $schema=https://aka.ms/winget-manifest.installer.1.9.0.schema.json

PackageIdentifier: BenthicSoftware.Golden.7
PackageVersion: 7.4.0.740
InstallerType: inno
Scope: machine
UpgradeBehavior: install
FileExtensions:
- gwf
- sql
ReleaseDate: 2024-03-31
ElevationRequirement: elevatesSelf
Installers:
- Architecture: x86
  InstallerUrl: https://www.benthicsoftware.com/apps/golden7setup740_32bit.exe
  InstallerSha256: 382CC6E833F73C4EA18E92A007530A0980CD6062F988588673E6D814EEFCF4E2
  ProductCode: Golden732_is1
- Architecture: x64
  InstallerUrl: https://www.benthicsoftware.com/apps/golden7setup740_64bit.exe
  InstallerSha256: A0984CC3B42B58079DF7589C972B792B3BCC53499A77DF37F3B515CAD9A0364C
  ProductCode: Golden764_is1
ManifestType: installer
ManifestVersion: 1.9.0
