# Created with komac v2.6.0
# yaml-language-server: $schema=https://aka.ms/winget-manifest.installer.1.6.0.schema.json

PackageIdentifier: BenthicSoftware.Golden
PackageVersion: 8.0.0.802
InstallerLocale: en-US
InstallerType: inno
InstallModes:
- interactive
- silent
- silentWithProgress
UpgradeBehavior: install
FileExtensions:
- gwf
- sql
ReleaseDate: 2024-10-21
ElevationRequirement: elevatesSelf
Installers:
- Architecture: x86
  InstallerUrl: https://www.benthicsoftware.com/apps/golden8setup802_32bit.exe
  InstallerSha256: DAD12C5CFC6A633E1D7FBA530A560F45437D0D4046C514BC82BBA0EF175AF5EB
  ProductCode: Golden832_is1
  AppsAndFeaturesEntries:
  - Publisher: Benthic Software
    ProductCode: Golden832_is1
- Architecture: x64
  InstallerUrl: https://www.benthicsoftware.com/apps/golden8setup802_64bit.exe
  InstallerSha256: CF8B2BA908D618495EEA3734F30D6D31C5EAC7A5639CAACFBB169ED4035F14C5
  ProductCode: Golden864_is1
  AppsAndFeaturesEntries:
  - Publisher: Benthic Software
    ProductCode: Golden864_is1
ManifestType: installer
ManifestVersion: 1.6.0
