# Created with komac v2.6.0
# yaml-language-server: $schema=https://aka.ms/winget-manifest.defaultLocale.1.6.0.schema.json

PackageIdentifier: BenthicSoftware.Golden
PackageVersion: 8.0.0.802
PackageLocale: en-US
Publisher: Benthic Software
PublisherUrl: https://www.benthicsoftware.com/
PublisherSupportUrl: https://www.benthicsoftware.com/support.html
Author: Benthic Software
PackageName: 'Benthic Software: Golden8'
PackageUrl: https://www.benthicsoftware.com/apps/golden8setup802_64bit.exe
License: Proprietary
Copyright: Copyright 1996-2024 Benthic Software
ShortDescription: An SQL query, scripting, editing, and exporting tool for Oracle databases.
Description: Golden is a query tool for Oracle databases. It includes advanced query abilities, data editing, and powerful import and export abilities including support for Excel and Calc spreadsheets.
Moniker: golden
Tags:
- database
- db
- oracle
- query
- sql
ReleaseNotesUrl: https://www.benthicsoftware.com/news.html
ManifestType: defaultLocale
ManifestVersion: 1.6.0
