# Created with YamlCreate.ps1 Dumplings Mod
# yaml-language-server: $schema=https://aka.ms/winget-manifest.installer.1.10.0.schema.json

PackageIdentifier: BenthicSoftware.Golden.8
PackageVersion: 8.1.0.810
InstallerType: inno
Scope: machine
UpgradeBehavior: install
FileExtensions:
- gwf
- sql
ReleaseDate: 2025-04-23
ElevationRequirement: elevatesSelf
Installers:
- Architecture: x86
  InstallerUrl: https://www.benthicsoftware.com/apps/golden8setup810_32bit.exe
  InstallerSha256: FDE3A3588398D3252CC18F866AA0306D7CDF5A66F509B94DBCB907316541FE67
  ProductCode: Golden832_is1
- Architecture: x64
  InstallerUrl: https://www.benthicsoftware.com/apps/golden8setup810_64bit.exe
  InstallerSha256: 2CF8A3D0BF4B7FE879EA32324512B4BD686B7508A41BEB4BFE229DB80B43CF77
  ProductCode: Golden864_is1
ManifestType: installer
ManifestVersion: 1.10.0
