# Created with YamlCreate.ps1 Dumplings Mod
# yaml-language-server: $schema=https://aka.ms/winget-manifest.locale.1.10.0.schema.json

PackageIdentifier: BenthicSoftware.Golden.8
PackageVersion: 8.1.0.810
PackageLocale: zh-CN
License: 专有软件
ShortDescription: 用于 Oracle 数据库的 SQL 查询、脚本编写、编辑和导出工具。
Description: Golden 是一款用于 Oracle 数据库的查询工具，具有高级查询功能、数据编辑功能以及强大的导入和导出功能，支持 Excel 和 Calc 电子表格，并紧密兼容 SQLPlus 脚本约定，包括绑定变量、变量提示和脚本参数传递。
Tags:
- oracle
- sql
- 数据库
- 查询
ManifestType: locale
ManifestVersion: 1.10.0
