# Created with YamlCreate.ps1 v2.4.4 $debug=QUSU.CRLF.7-5-0.Win32NT
# yaml-language-server: $schema=https://aka.ms/winget-manifest.installer.1.9.0.schema.json

PackageIdentifier: BenthicSoftware.Golden.8
PackageVersion: 8.0.0.806
InstallerType: inno
Scope: machine
UpgradeBehavior: install
FileExtensions:
- gwf
- sql
ReleaseDate: 2025-01-08
ElevationRequirement: elevatesSelf
Installers:
- Architecture: x86
  InstallerUrl: https://www.benthicsoftware.com/apps/golden8setup806_32bit.exe
  InstallerSha256: AA77DB09AF6D07CDB1E36B1734DF903335D03F8F95C7AA88110E7991F730F205
  ProductCode: Golden832_is1
- Architecture: x64
  InstallerUrl: https://www.benthicsoftware.com/apps/golden8setup806_64bit.exe
  InstallerSha256: 2000B0460A63D6BA296C05D627456D8B80A33F693C73368D3A4368075AB55C49
  ProductCode: Golden864_is1
ManifestType: installer
ManifestVersion: 1.9.0
