# Created with YamlCreate.ps1 v2.4.4 $debug=QUSU.CRLF.7-5-0.Win32NT
# yaml-language-server: $schema=https://aka.ms/winget-manifest.defaultLocale.1.9.0.schema.json

PackageIdentifier: BenthicSoftware.Golden.8
PackageVersion: 8.0.0.806
PackageLocale: en-US
Publisher: Benthic Software
PublisherUrl: https://www.benthicsoftware.com/
PublisherSupportUrl: https://www.benthicsoftware.com/support.html
PrivacyUrl: https://www.benthicsoftware.com/privacy.html
Author: Benthic Software, LLC
PackageName: 'Benthic Software: Golden 8.x'
PackageUrl: https://www.benthicsoftware.com/golden.html
License: Proprietary
LicenseUrl: https://www.benthicsoftware.com/license.html
Copyright: Copyright Â© 1996-2025 Benthic Software, LLC
CopyrightUrl: https://www.benthicsoftware.com/license.html
ShortDescription: An SQL query, scripting, editing, and exporting tool for Oracle databases.
Description: Golden is a query tool for Oracle databases. It includes advanced query abilities, data editing, and powerful import and export abilities including support for Excel and Calc spreadsheets. It features close compatibility with SQLPlus scripting conventions including bind variables, variable prompting and script parameter passing.
Moniker: golden
Tags:
- database
- db
- oracle
- query
- sql
ReleaseNotes: |-
  - New multi-caret editing, modeled after VSCode's multi-caret, multi-word selection editing. See the help section "Advanced SQL editor features"
  - Select current word if none selected: Ctrl-M
  - If selection exists than Ctrl-M adds new selection and caret to editor.
  - Ctrl-Shift-M selects all occurances of the current selection to multi-caret selection list.
  - Removed the delay on the SQLBuilder table right click menu.
  - Impoved the keyboard shortcut editor, especially sorting by shortcut keys.
ReleaseNotesUrl: https://www.benthicsoftware.com/golden.html
PurchaseUrl: https://www.benthicsoftware.com/golden.html
# InstallationNotes:
# Documentations:
ManifestType: defaultLocale
ManifestVersion: 1.9.0
