# Created with YamlCreate.ps1 v2.4.4 $debug=NVS1.CRLF.7-5-0.Win32NT
# yaml-language-server: $schema=https://aka.ms/winget-manifest.installer.1.9.0.schema.json

PackageIdentifier: BenthicSoftware.Golden.6
PackageVersion: 6.3.0.672
InstallerType: inno
Scope: machine
UpgradeBehavior: install
FileExtensions:
- gwf
- sql
ReleaseDate: 2018-11-05
ElevationRequirement: elevatesSelf
Installers:
- Architecture: x86
  InstallerUrl: https://www.benthicsoftware.com/apps/goldensetup63672.exe
  InstallerSha256: 6FF252C72F8FFCDDBE5816C007993443A05D3035D2F58F73AF3694E4C77AF829
  ProductCode: 'Benthic Software: Golden6_is1'
- Architecture: x64
  InstallerUrl: https://www.benthicsoftware.com/apps/golden64setup63672.exe
  InstallerSha256: 72706A618E1534B8FCA3F5C262F6E779D49968A03CA0EE5933EDBF20E93C0CB4
  ProductCode: 'Benthic Software: Golden6_is1'
ManifestType: installer
ManifestVersion: 1.9.0
