# Created with YamlCreate.ps1 Dumplings Mod
# yaml-language-server: $schema=https://aka.ms/winget-manifest.installer.1.10.0.schema.json

PackageIdentifier: BenthicSoftware.Golden.8
PackageVersion: 8.1.0.814
InstallerType: inno
Scope: machine
UpgradeBehavior: install
FileExtensions:
- gwf
- sql
ReleaseDate: 2025-07-17
ElevationRequirement: elevatesSelf
Installers:
- Architecture: x86
  InstallerUrl: https://www.benthicsoftware.com/apps/golden8setup814_32bit.exe
  InstallerSha256: D45BFF8ECDB66D384305397A9C6B31CA486B9D241E4757ABAB6DA7C23650CAAE
  ProductCode: Golden832_is1
- Architecture: x64
  InstallerUrl: https://www.benthicsoftware.com/apps/golden8setup814_64bit.exe
  InstallerSha256: 9C2F255B4F4B097A4674B28211B7C9D93BA617004A1E5BF5D14D7E2E3621564B
  ProductCode: Golden864_is1
ManifestType: installer
ManifestVersion: 1.10.0
