# Created with YamlCreate.ps1 Dumplings Mod
# yaml-language-server: $schema=https://aka.ms/winget-manifest.defaultLocale.1.10.0.schema.json

PackageIdentifier: BenthicSoftware.Golden.8
PackageVersion: 8.1.0.814
PackageLocale: en-US
Publisher: Benthic Software
PublisherUrl: https://www.benthicsoftware.com/
PublisherSupportUrl: https://www.benthicsoftware.com/support.html
PrivacyUrl: https://www.benthicsoftware.com/privacy.html
Author: Benthic Software, LLC
PackageName: 'Benthic Software: Golden 8.x'
PackageUrl: https://www.benthicsoftware.com/golden.html
License: Proprietary
LicenseUrl: https://www.benthicsoftware.com/license.html
Copyright: Copyright Â© 1996-2025 Benthic Software, LLC
CopyrightUrl: https://www.benthicsoftware.com/license.html
ShortDescription: An SQL query, scripting, editing, and exporting tool for Oracle databases.
Description: Golden is a query tool for Oracle databases. It includes advanced query abilities, data editing, and powerful import and export abilities including support for Excel and Calc spreadsheets. It features close compatibility with SQLPlus scripting conventions including bind variables, variable prompting and script parameter passing.
Moniker: golden
Tags:
- database
- db
- oracle
- query
- sql
ReleaseNotes: |-
  - New substitution variable constants (pseudo-vars) for tab name, tab filenames, workspace filenames and some standard datetime values. See "Substitution Constants" in the help for the list.
  - Added Oracle 23ai url error support to login errors.
  - Improved support for Oracle 21+ value lobs including JSON.
  - Improved text search on wide scripts.
  - Fixed a possible startup error on Terminal Server systems.
ReleaseNotesUrl: https://www.benthicsoftware.com/golden.html
PurchaseUrl: https://www.benthicsoftware.com/golden.html
ManifestType: defaultLocale
ManifestVersion: 1.10.0
