# Created with YamlCreate.ps1 Dumplings Mod
# yaml-language-server: $schema=https://aka.ms/winget-manifest.defaultLocale.1.10.0.schema.json

PackageIdentifier: BenthicSoftware.Golden.8
PackageVersion: 8.1.0.812
PackageLocale: en-US
Publisher: Benthic Software
PublisherUrl: https://www.benthicsoftware.com/
PublisherSupportUrl: https://www.benthicsoftware.com/support.html
PrivacyUrl: https://www.benthicsoftware.com/privacy.html
Author: Benthic Software, LLC
PackageName: 'Benthic Software: Golden 8.x'
PackageUrl: https://www.benthicsoftware.com/golden.html
License: Proprietary
LicenseUrl: https://www.benthicsoftware.com/license.html
Copyright: Copyright Â© 1996-2025 Benthic Software, LLC
CopyrightUrl: https://www.benthicsoftware.com/license.html
ShortDescription: An SQL query, scripting, editing, and exporting tool for Oracle databases.
Description: Golden is a query tool for Oracle databases. It includes advanced query abilities, data editing, and powerful import and export abilities including support for Excel and Calc spreadsheets. It features close compatibility with SQLPlus scripting conventions including bind variables, variable prompting and script parameter passing.
Moniker: golden
Tags:
- database
- db
- oracle
- query
- sql
ReleaseNotes: |-
  - New 23ai JSON support.
  - New JSON and Boolean 23ai types in desc[ribe] command.
  - New clear dboutput command.
  - Explore file will now explore the workspace file if the tab doesn't have a file associated with it.
  - Added editor hotkeys Ctrl+Shift+"<" and ">" to go to modified sections of the text.
  - Added Ctrl-Click to the Find button to start from top instead of current position.
  - Improvements to multi-caret editing.
  - Improved the Find in results window to prompt for fetching more records in incremental fetch mode.
  - Several performance and display improvements for the datagrid.
  - Fixed a word wrap issue in the cell details viewer related to left to right languages.
  - Fixed an issue with the scratch results window not displaying correctly.
  - Fixed an issue where transposed mode could show a duplicate fixed column.
  - Fixed an issue with caret placement in some cases of the popup typing helper.
ReleaseNotesUrl: https://www.benthicsoftware.com/golden.html
PurchaseUrl: https://www.benthicsoftware.com/golden.html
ManifestType: defaultLocale
ManifestVersion: 1.10.0
