# Created with YamlCreate.ps1 Dumplings Mod
# yaml-language-server: $schema=https://aka.ms/winget-manifest.installer.1.10.0.schema.json

PackageIdentifier: BenthicSoftware.Golden.8
PackageVersion: 8.1.0.812
InstallerType: inno
Scope: machine
UpgradeBehavior: install
FileExtensions:
- gwf
- sql
ReleaseDate: 2025-06-16
ElevationRequirement: elevatesSelf
Installers:
- Architecture: x86
  InstallerUrl: https://www.benthicsoftware.com/apps/golden8setup812_32bit.exe
  InstallerSha256: 7F2F627C141BD22373E8E8253ACB890BC01DBE4E7BE9368D7AA3A73E55F126A3
  ProductCode: Golden832_is1
- Architecture: x64
  InstallerUrl: https://www.benthicsoftware.com/apps/golden8setup812_64bit.exe
  InstallerSha256: C76869592307B6DC19D7730B106ED509EB301569C1999F3939140651F2DE3DAC
  ProductCode: Golden864_is1
ManifestType: installer
ManifestVersion: 1.10.0
