# Created with YamlCreate.ps1 Dumplings Mod
# yaml-language-server: $schema=https://aka.ms/winget-manifest.installer.1.10.0.schema.json

PackageIdentifier: BenthicSoftware.Golden.8
PackageVersion: 8.2.0.822
InstallerType: inno
Scope: machine
UpgradeBehavior: install
FileExtensions:
- gwf
- sql
ReleaseDate: 2025-10-17
ElevationRequirement: elevatesSelf
Installers:
- Architecture: x86
  InstallerUrl: https://www.benthicsoftware.com/apps/golden8setup822_32bit.exe
  InstallerSha256: AA8F2B4C43B822D129CF060F7BD192F63349D71EF7F4222C00D2B1D2EC10C021
  ProductCode: Golden832_is1
- Architecture: x64
  InstallerUrl: https://www.benthicsoftware.com/apps/golden8setup822_64bit.exe
  InstallerSha256: DF3BA163275B8C7ABEB6B405DE16C9F158D0E7F2D71A7B1EF1C3E2509336C94F
  ProductCode: Golden864_is1
ManifestType: installer
ManifestVersion: 1.10.0
