# Created with YamlCreate.ps1 Dumplings Mod
# yaml-language-server: $schema=https://aka.ms/winget-manifest.installer.1.10.0.schema.json

PackageIdentifier: BenthicSoftware.Golden.8
PackageVersion: 8.1.0.816
InstallerType: inno
Scope: machine
UpgradeBehavior: install
FileExtensions:
- gwf
- sql
ReleaseDate: 2025-08-12
ElevationRequirement: elevatesSelf
Installers:
- Architecture: x86
  InstallerUrl: https://www.benthicsoftware.com/apps/golden8setup816_32bit.exe
  InstallerSha256: 52455655C9C454CBAD6F0628E93521C4A7AE93030A8D667501F5EB1CEE38BE4B
  ProductCode: Golden832_is1
- Architecture: x64
  InstallerUrl: https://www.benthicsoftware.com/apps/golden8setup816_64bit.exe
  InstallerSha256: B20F68FF52F0EEAC93194ABF2991F2E47B910016184780FD9BA2CE87D433B4B3
  ProductCode: Golden864_is1
ManifestType: installer
ManifestVersion: 1.10.0
