# Created with YamlCreate.ps1 Dumplings Mod
# yaml-language-server: $schema=https://aka.ms/winget-manifest.defaultLocale.1.10.0.schema.json

PackageIdentifier: BenthicSoftware.Golden.8
PackageVersion: 8.1.0.816
PackageLocale: en-US
Publisher: Benthic Software
PublisherUrl: https://www.benthicsoftware.com/
PublisherSupportUrl: https://www.benthicsoftware.com/support.html
PrivacyUrl: https://www.benthicsoftware.com/privacy.html
Author: Benthic Software, LLC
PackageName: 'Benthic Software: Golden 8.x'
PackageUrl: https://www.benthicsoftware.com/golden.html
License: Proprietary
LicenseUrl: https://www.benthicsoftware.com/license.html
Copyright: Copyright Â© 1996-2025 Benthic Software, LLC
CopyrightUrl: https://www.benthicsoftware.com/license.html
ShortDescription: An SQL query, scripting, editing, and exporting tool for Oracle databases.
Description: Golden is a query tool for Oracle databases. It includes advanced query abilities, data editing, and powerful import and export abilities including support for Excel and Calc spreadsheets. It features close compatibility with SQLPlus scripting conventions including bind variables, variable prompting and script parameter passing.
Moniker: golden
Tags:
- database
- db
- oracle
- query
- sql
ReleaseNotes: |-
  - Improvements to detecting misconfigured Oracle client installations.
  - Fixed an issue that could truncate dates based on user options.
  - Several performance improvements to incremental fetching.
ReleaseNotesUrl: https://www.benthicsoftware.com/golden.html
PurchaseUrl: https://www.benthicsoftware.com/golden.html
ManifestType: defaultLocale
ManifestVersion: 1.10.0
