# Created with YamlCreate.ps1 Dumplings Mod
# yaml-language-server: $schema=https://aka.ms/winget-manifest.installer.1.10.0.schema.json

PackageIdentifier: BenthicSoftware.Golden.8
PackageVersion: 8.2.0.820
InstallerType: inno
Scope: machine
UpgradeBehavior: install
FileExtensions:
- gwf
- sql
ReleaseDate: 2025-09-01
ElevationRequirement: elevatesSelf
Installers:
- Architecture: x86
  InstallerUrl: https://www.benthicsoftware.com/apps/golden8setup820_32bit.exe
  InstallerSha256: 46976EEE4E786FB8BAFA85858C080977BAC3A4A9274187C19DD1B87B65FB0D73
  ProductCode: Golden832_is1
- Architecture: x64
  InstallerUrl: https://www.benthicsoftware.com/apps/golden8setup820_64bit.exe
  InstallerSha256: B8168BE31981A007AE000AF2898EEA91413B4AE0DF4D60371386225029396569
  ProductCode: Golden864_is1
ManifestType: installer
ManifestVersion: 1.10.0

